
> ecom@1.0.0 test:backend
> node --experimental-vm-modules node_modules/jest/bin/jest.js --config jest.backend.config.js controllers/categoryController.test.js

node.exe : FAIL backend 
controllers/categoryController.test.js
At line:1 char:1
+ & "C:\Program Files\nodejs/node.exe" 
"C:\Users\NiCheng\AppData\Roamin ...
+ ~~~~~~~~~~~~~~~~~~~~~~~~~~~~~~~~~~~~~~~~~~~~~
~~~~~~~~~~~~~~~~~~~~~~~~
    + CategoryInfo          : NotSpecified: (F 
   AIL backend co...troller.test.js:String) [  
  ], RemoteException
    + FullyQualifiedErrorId : NativeCommandErr 
   or
 
  Tests for createCateogryController
    ΓêÜ Create new category successfully and 
return 201 (11 ms)
    ΓêÜ Return 409 when category exists (2 ms)
    ΓêÜ Return 400 when category name not 
provided (2 ms)
    ΓêÜ Return 500 when an error occurs (2 ms)
  Tests for updateCateogryController
    ΓêÜ Update category successfully and 
return 200 (2 ms)
    ΓêÜ Return 404 when id cannot be found (1 
ms)
    ΓêÜ Return 400 when id is not provided (1 
ms)
    ΓêÜ Return 400 when name is not provided
    ├ù Return 500 when an error occurs (2 ms)
  Tests for categoryControlller (Get all 
categories)
    ΓêÜ Fetch all categories successfully and 
return 200 (2 ms)
    ΓêÜ Return 500 when an error occurs (1 ms)

  ΓùÅ Tests for updateCateogryController ΓÇ║ 
Return 500 when an error occurs

    expect(jest.fn()).toHaveBeenCalledWith(...e
xpected)

    Expected: [Error: Some error]

    Number of calls: 0

    [0m [90m 226 |[39m
     [90m 227 |[39m         [90m// 
Assert[39m
    [31m[1m>[22m[39m[90m 228 |[39m       
  expect(console[33m.[39mlog)[33m.[39mtoHav
eBeenCalledWith(mockError)[33m;[39m
     [90m     |[39m                          
   [31m[1m^[22m[39m
     [90m 229 |[39m         expect(res[33m.
[39mstatus)[33m.[39mtoHaveBeenCalledWith([35
m500[39m)[33m;[39m
     [90m 230 |[39m         expect(res[33m.
[39msend)[33m.[39mtoHaveBeenCalledWith({
     [90m 231 |[39m             
success[33m:[39m 
[36mfalse[39m[33m,[39m[0m

      at Object.toHaveBeenCalledWith 
(controllers/categoryController.test.js:228:29)

-----------------------|---------|----------|---------|---------|---------------------
File                   | % Stmts | % Branch | % Funcs | % Lines | Uncovered Line #s   
-----------------------|---------|----------|---------|---------|---------------------
All files              |   11.27 |    11.62 |      10 |   11.36 |                     
 authController.js     |       0 |        0 |       0 |       0 | 7-251               
 categoryController.js |   69.76 |      100 |      60 |   69.76 | 58-59,88-97,107-116 
 productController.js  |       0 |        0 |       0 |       0 | 10-375              
-----------------------|---------|----------|---------|---------|---------------------
Jest: "global" coverage threshold for lines 
(100%) not met: 11.36%
Jest: "global" coverage threshold for 
functions (100%) not met: 10%
Test Suites: 1 failed, 1 total
Tests:       1 failed, 10 passed, 11 total
Snapshots:   0 total
Time:        5.689 s
Ran all test suites matching 
/controllers\\categoryController.test.js/i.
